🕐 Iniciando verificação de lembretes - 14/05/2026 08:00
📅 Verificando compromissos para: +1 dia (2026-05-15) e +3 dias (2026-05-17)
✅ Nenhum compromisso encontrado para as próximas datas.
🕐 Iniciando verificação de lembretes - 15/05/2026 08:00
📅 Verificando compromissos para: +1 dia (2026-05-16) e +3 dias (2026-05-18)
🔍 Telefone não encontrado para EDUARDO FREITAS ROBERTSON, buscando...
📱 Telefone encontrado no clientes para EDUARDO FREITAS ROBERTSON: (21) 98586-9163
📱 Enviando WhatsApp para: 21985869163
✅ WhatsApp enviado para 21985869163
✅ Lembrete 3 dias processado para EDUARDO FREITAS ROBERTSON (Email: False, WhatsApp: True)

==================================================
📊 RESUMO DO ENVIO DE LEMBRETES
==================================================
📅 Data da execução: 15/05/2026
✅ Lembretes 1 dia enviados: 0
✅ Lembretes 3 dias enviados: 1
⚠️ Compromissos sem contato: 0
==================================================
🕐 Iniciando verificação de lembretes - 16/05/2026 08:00
📅 Verificando compromissos para: +1 dia (2026-05-17) e +3 dias (2026-05-19)
🔍 Telefone não encontrado para EDUARDO FREITAS ROBERTSON, buscando...
📱 Telefone encontrado no clientes para EDUARDO FREITAS ROBERTSON: (21) 98586-9163
📱 Enviando WhatsApp para: 21985869163
❌ Erro WhatsApp: 403 - {"error":"Client-Token F65c27a64cd2e4984aa85a8f08040c2f7S not allowed"}
⚠️ Nenhum contato disponível para EDUARDO FREITAS ROBERTSON (ID: 62)

==================================================
📊 RESUMO DO ENVIO DE LEMBRETES
==================================================
📅 Data da execução: 16/05/2026
✅ Lembretes 1 dia enviados: 0
✅ Lembretes 3 dias enviados: 0
⚠️ Compromissos sem contato: 1
==================================================
🕐 Iniciando verificação de lembretes - 17/05/2026 08:00
📅 Verificando compromissos para: +1 dia (2026-05-18) e +3 dias (2026-05-20)
📱 Enviando WhatsApp para: 21985869163
❌ Erro WhatsApp: 403 - {"error":"Client-Token F65c27a64cd2e4984aa85a8f08040c2f7S not allowed"}
⚠️ Nenhum contato disponível para EDUARDO FREITAS ROBERTSON (ID: 61)

==================================================
📊 RESUMO DO ENVIO DE LEMBRETES
==================================================
📅 Data da execução: 17/05/2026
✅ Lembretes 1 dia enviados: 0
✅ Lembretes 3 dias enviados: 0
⚠️ Compromissos sem contato: 1
==================================================
🕐 Iniciando verificação de lembretes - 20/05/2026 08:00
📅 Verificando compromissos para: +1 dia (2026-05-21) e +3 dias (2026-05-23)
✅ Nenhum compromisso encontrado para as próximas datas.
🕐 Iniciando verificação de lembretes - 10/06/2026 08:00
📅 Verificando compromissos para: +1 dia (2026-06-11) e +3 dias (2026-06-13)
🔍 Telefone não encontrado para FABIO DE LIMA FERNANDES MEDEIROS, buscando...
⚠️ Nenhum contato disponível para FABIO DE LIMA FERNANDES MEDEIROS (ID: 78)

==================================================
📊 RESUMO DO ENVIO DE LEMBRETES
==================================================
📅 Data da execução: 10/06/2026
✅ Lembretes 1 dia enviados: 0
✅ Lembretes 3 dias enviados: 0
⚠️ Compromissos sem contato: 1
==================================================
🕐 Iniciando verificação de lembretes - 15/06/2026 08:00
📅 Verificando compromissos para: +1 dia (2026-06-16) e +3 dias (2026-06-18)
🔍 Telefone não encontrado para FABIO DE LIMA FERNANDES MEDEIROS, buscando...
⚠️ Nenhum contato disponível para FABIO DE LIMA FERNANDES MEDEIROS (ID: 70)

==================================================
📊 RESUMO DO ENVIO DE LEMBRETES
==================================================
📅 Data da execução: 15/06/2026
✅ Lembretes 1 dia enviados: 0
✅ Lembretes 3 dias enviados: 0
⚠️ Compromissos sem contato: 1
==================================================
🕐 Iniciando verificação de lembretes - 22/06/2026 08:00
📅 Verificando compromissos para: +1 dia (2026-06-23) e +3 dias (2026-06-25)
✅ Nenhum compromisso encontrado para as próximas datas.
🕐 Iniciando verificação de lembretes - 24/06/2026 08:00
📅 Verificando compromissos para: +1 dia (2026-06-25) e +3 dias (2026-06-27)
✅ Nenhum compromisso encontrado para as próximas datas.
🕐 Iniciando verificação de lembretes - 16/07/2026 08:00
📅 Verificando compromissos para: +1 dia (2026-07-17) e +3 dias (2026-07-19)
✅ Nenhum compromisso encontrado para as próximas datas.
🕐 Iniciando verificação de lembretes - 28/07/2026 08:00
📅 Verificando compromissos para: +1 dia (2026-07-29) e +3 dias (2026-07-31)
✅ Nenhum compromisso encontrado para as próximas datas.
🕐 Iniciando verificação de lembretes - 30/07/2026 08:00
Traceback (most recent call last):
  File "/Users/moisesbarreto/getvisa-system/backend-node/GETVISA-SYSTEM/enviar_lembretes.py", line 313, in <module>
    main()
    ~~~~^^
  File "/Users/moisesbarreto/getvisa-system/backend-node/GETVISA-SYSTEM/enviar_lembretes.py", line 158, in main
    conn = psycopg2.connect(DATABASE_URL)
  File "/Library/Frameworks/Python.framework/Versions/3.14/lib/python3.14/site-packages/psycopg2/__init__.py", line 122, in connect
    conn = _connect(dsn, connection_factory=connection_factory, **kwasync)
psycopg2.OperationalError: could not translate host name "aws-1-sa-east-1.pooler.supabase.com" to address: nodename nor servname provided, or not known

🕐 Iniciando verificação de lembretes - 31/07/2026 08:00
📅 Verificando compromissos para: +1 dia (2026-08-01) e +3 dias (2026-08-03)
✅ Nenhum compromisso encontrado para as próximas datas.
